2026-04-21 13:56:23.596 - DBeaver 26.0.2.202604051735 is starting
2026-04-21 13:56:23.598 - OS: Windows 11 10.0 (amd64)
2026-04-21 13:56:23.598 - Java version: 21.0.8 by Eclipse Adoptium (64bit)
2026-04-21 13:56:23.599 - Install path: 'C:\Program Files\DBeaver'
2026-04-21 13:56:23.599 - Instance path: 'file:/C:/Users/johns/source/repos/VotingManagementSystem/VotingManagementSystem/'
2026-04-21 13:56:23.602 - Memory available 64Mb/1024Mb
2026-04-21 13:56:23.608 - Initialize desktop platform...
2026-04-21 13:56:24.048 - BounceCastle bundle found. Use JCE provider BC
> Start Core File Systems [org.eclipse.core.filesystem 1.11.400.v20251107-0507]
> Start Core Resource Management [org.eclipse.core.resources 3.23.200.v20251217-0810]
> Start DBeaver UI Navigator [org.jkiss.dbeaver.ui.navigator 1.0.176.202604051735]
> Start Team Support Core [org.eclipse.team.core 3.10.1000.v20260112-1030]
2026-04-21 13:56:24.347 - Initialize base platform...
2026-04-21 13:56:24.372 - Schedule collected statistics send
2026-04-21 13:56:24.373 - Platform initialized (765ms)
2026-04-21 13:56:24.387 - Create display
2026-04-21 13:56:24.892 - Starting instance server at http://localhost:63793
2026-04-21 13:56:24.899 - Run workbench
> Start Eclipse e4 Workbench SWT [org.eclipse.e4.ui.workbench.swt 0.18.0.v20260119-0835]
> Start Eclipse Application Services [org.eclipse.e4.core.services 2.5.300.v20251112-1253]
> Start Eclipse UI Application Services [org.eclipse.e4.ui.services 1.6.600.v20251023-1358]
> Start Eclipse e4 Progress View [org.eclipse.e4.ui.progress 0.5.0.v20251217-1052]
> Start Eclipse Bindings Support [org.eclipse.e4.ui.bindings 0.15.0.v20251216-1230]
> Start Eclipse e4 core commands [org.eclipse.e4.core.commands 1.1.700.v20250916-0927]
> Start EMF XML/XMI Persistence [org.eclipse.emf.ecore.xmi 2.40.0.v20251210-1145]
> Start Eclipse CSS SWT Theme Support [org.eclipse.e4.ui.css.swt.theme 0.15.0.v20251216-1230]
> Start Eclipse e4 Workbench Add-ons [org.eclipse.e4.ui.workbench.addons.swt 1.6.0.v20251216-1230]
> Start Eclipse e4 Workbench SWT Renderer [org.eclipse.e4.ui.workbench.renderers.swt 0.17.0.v20260131-0926]
> Start Eclipse Dependency Injection Extensions [org.eclipse.e4.core.di.extensions 0.18.300.v20240413-1529]
> Start DBeaver AI Model [org.jkiss.dbeaver.model.ai 2.0.19.202604051735]
> Start DBeaver AI UI [org.jkiss.dbeaver.ui.ai 1.0.78.202604051735]
> Start Eclipse CSS SWT Support [org.eclipse.e4.ui.css.swt 0.16.0.v20251216-1230]
> Start Internet Connection Management [org.eclipse.core.net 1.5.800.v20250613-1119]
> Start Equinox Java Authentication and Authorization Service (JAAS) [org.eclipse.equinox.security 1.4.700.v20250622-1644]
> Start Internet Connection Management UI [org.eclipse.ui.net 1.6.0.v20251219-1227]
> Start GEF Classic Draw2d [org.eclipse.draw2d 3.22.0.202602231721]
> Start GEF Classic GEF (MVC) [org.eclipse.gef 3.25.0.202602162234]
> Start JFace Text [org.eclipse.jface.text 3.30.0.v20260203-0841]
> Start Default Text Editor [org.eclipse.ui.editors 3.21.0.v20260218-1452]
> Start Text Editor Framework [org.eclipse.ui.workbench.texteditor 3.20.0.v20260127-1637]
2026-04-21 13:56:27.202 - Configure workbench window
> Start DBeaver SQL Model [org.jkiss.dbeaver.model.sql 1.0.166.202604051735]
2026-04-21 13:56:27.452 - Total database drivers: 129 (129)
> Start Help System Core [org.eclipse.help 3.11.0.v20251227-1159]
2026-04-21 13:56:27.561 - Create actions
2026-04-21 13:56:28.558 - Initialize workbench window
2026-04-21 13:56:28.581 - Finish initialization
> Start DBeaver UI Editors - Data [org.jkiss.dbeaver.ui.editors.data 1.0.176.202604051735]
> Start DBeaver UI Editors - SQL [org.jkiss.dbeaver.ui.editors.sql 1.0.176.202604051735]
> Start DBeaver Sample Database [org.jkiss.dbeaver.ui.config.sample 1.0.213.202604051735]
2026-04-21 13:56:30.330 - Open [https://dbeaver.io/product/version.xml]
> Start DBeaver Dashboard UI [org.jkiss.dbeaver.ui.dashboard 1.0.173.202604051735]
> Start DBeaver ERD UI [org.jkiss.dbeaver.ui.editors.erd 3.1.17.202604051735]
> Start DBeaver ERD Model [org.jkiss.dbeaver.model.erd 1.1.17.202604051735]
